repurposed_variable,,4,,a=1
repurposed_variable,,5,,a+=2
repurposed_variable,,6,,a++
repurposed_variable,,22,,a=3
repurposed_variable,,26,,a=3
repurposed_variable,,28,,a=-3
repurposed_variable,,30,,a=0
